WALKSAFE_EXECUTION_EVENT_SEQUENCE=29
WALKSAFE_EXECUTION_EVENT_ID=WS-GOAL-GRAPH-V2-4-GOAL-STARTED-FP012-20260726-001
WALKSAFE_EXECUTION_EVENT_SHA256=4bb8af73254d6bd4c1c2d326aa3546c4d809b7e4d7610aac42d3e9837e7ab868
WALKSAFE_IMPLEMENTATION_EXACT_18_CONTENT_SET_SHA256=0b67f62cbbd83b980425b6186f9f26acf85f488f1e5aa046793819500affc945
WALKSAFE_RUN_ID=walksafe-fp012-full-android-20260726-004
WALKSAFE_COMMAND_SHA256=b4a0bbb123a2ea93d95f761463d553c40380a122f4b49dff59857db27ecaac8d
WALKSAFE_RESOURCE_LIMIT=MemoryMax:6G,MemoryHigh:5G,CPUQuota:250%,GradleMaxWorkers:1
WALKSAFE_COMMAND_STARTED_AT=2026-07-26T10:31:10+09:00
To honour the JVM settings for this build a single-use Daemon process will be forked. For more on this, please refer to https://docs.gradle.org/9.3.1/userguide/gradle_daemon.html#sec:disabling_the_daemon in the Gradle documentation.
Daemon will be stopped at the end of the build 
> Task :app:preBuild UP-TO-DATE
> Task :app:preDebugBuild UP-TO-DATE
> Task :app:generateDebugBuildConfig
> Task :app:generateDebugResources
> Task :app:packageDebugResources
> Task :app:processDebugNavigationResources
> Task :app:parseDebugLocalResources
> Task :app:generateDebugRFile

> Task :app:compileDebugKotlin
w: file:///home/ddobagi/Code/hanium-dreamup-walksafe-rc2-20260715/apps/android/app/src/main/java/kr/co/hanium/dreamup/walksafe/MainActivity.kt:11912:24 'fun announceForAccessibility(p0: CharSequence!): Unit' is deprecated. Deprecated in Java.
w: file:///home/ddobagi/Code/hanium-dreamup-walksafe-rc2-20260715/apps/android/app/src/main/java/kr/co/hanium/dreamup/walksafe/MainActivity.kt:12100:59 'fun announceForAccessibility(p0: CharSequence!): Unit' is deprecated. Deprecated in Java.
w: file:///home/ddobagi/Code/hanium-dreamup-walksafe-rc2-20260715/apps/android/app/src/main/java/kr/co/hanium/dreamup/walksafe/network/GatewayWalkSession.kt:25:29 Non-public primary constructor is exposed via the generated 'copy()' method of the 'data' class.

The generated 'copy()' will change its visibility in future releases.

To suppress the warning do one of the following:
- Annotate the data class with the '@ConsistentCopyVisibility' annotation.
- Use the '-Xconsistent-data-class-copy-visibility' compiler flag.
- Annotate the data class with the '@ExposedCopyVisibility' annotation 
  (Discouraged, but can be used to keep binary compatibility).

To learn more, see the documentation of the '@ConsistentCopyVisibility' and '@ExposedCopyVisibility' annotations.

This will become an error in language version 2.3.
w: file:///home/ddobagi/Code/hanium-dreamup-walksafe-rc2-20260715/apps/android/app/src/main/java/kr/co/hanium/dreamup/walksafe/network/GatewayWalkSession.kt:46:32 Non-public primary constructor is exposed via the generated 'copy()' method of the 'data' class.

The generated 'copy()' will change its visibility in future releases.

To suppress the warning do one of the following:
- Annotate the data class with the '@ConsistentCopyVisibility' annotation.
- Use the '-Xconsistent-data-class-copy-visibility' compiler flag.
- Annotate the data class with the '@ExposedCopyVisibility' annotation 
  (Discouraged, but can be used to keep binary compatibility).

To learn more, see the documentation of the '@ConsistentCopyVisibility' and '@ExposedCopyVisibility' annotations.

This will become an error in language version 2.3.
w: file:///home/ddobagi/Code/hanium-dreamup-walksafe-rc2-20260715/apps/android/app/src/main/java/kr/co/hanium/dreamup/walksafe/network/GatewayWalkSession.kt:62:29 Non-public primary constructor is exposed via the generated 'copy()' method of the 'data' class.

The generated 'copy()' will change its visibility in future releases.

To suppress the warning do one of the following:
- Annotate the data class with the '@ConsistentCopyVisibility' annotation.
- Use the '-Xconsistent-data-class-copy-visibility' compiler flag.
- Annotate the data class with the '@ExposedCopyVisibility' annotation 
  (Discouraged, but can be used to keep binary compatibility).

To learn more, see the documentation of the '@ConsistentCopyVisibility' and '@ExposedCopyVisibility' annotations.

This will become an error in language version 2.3.
w: file:///home/ddobagi/Code/hanium-dreamup-walksafe-rc2-20260715/apps/android/app/src/main/java/kr/co/hanium/dreamup/walksafe/network/GatewayWalkSession.kt:473:42 Non-public primary constructor is exposed via the generated 'copy()' method of the 'data' class.

The generated 'copy()' will change its visibility in future releases.

To suppress the warning do one of the following:
- Annotate the data class with the '@ConsistentCopyVisibility' annotation.
- Use the '-Xconsistent-data-class-copy-visibility' compiler flag.
- Annotate the data class with the '@ExposedCopyVisibility' annotation 
  (Discouraged, but can be used to keep binary compatibility).

To learn more, see the documentation of the '@ConsistentCopyVisibility' and '@ExposedCopyVisibility' annotations.

This will become an error in language version 2.3.

> Task :app:javaPreCompileDebug
> Task :app:compileDebugJavaWithJavac
> Task :app:checkDebugAarMetadata
> Task :app:mapDebugSourceSetPaths
> Task :app:compileDebugNavigationResources
> Task :app:mergeDebugResources
> Task :app:createDebugCompatibleScreenManifests
> Task :app:extractDeepLinksDebug
> Task :app:processDebugMainManifest
> Task :app:processDebugManifest
> Task :app:processDebugManifestForPackage
> Task :app:processDebugResources
> Task :app:bundleDebugClassesToRuntimeJar
> Task :app:bundleDebugClassesToCompileJar
> Task :app:preDebugUnitTestBuild UP-TO-DATE
> Task :app:compileDebugUnitTestKotlin
> Task :app:javaPreCompileDebugUnitTest
> Task :app:compileDebugUnitTestJavaWithJavac NO-SOURCE
> Task :app:processDebugJavaRes
> Task :app:processDebugUnitTestJavaRes
> Task :app:testDebugUnitTest
> Task :app:mergeDebugNativeDebugMetadata NO-SOURCE
> Task :app:generateDebugAssets UP-TO-DATE
> Task :app:mergeDebugAssets
> Task :app:compressDebugAssets
> Task :app:desugarDebugFileDependencies
> Task :app:dexBuilderDebug
> Task :app:mergeDebugGlobalSynthetics
> Task :app:mergeDebugJavaResource
> Task :app:checkDebugDuplicateClasses
> Task :app:mergeExtDexDebug
> Task :app:mergeLibDexDebug
> Task :app:mergeProjectDexDebug
> Task :app:mergeDebugJniLibFolders
> Task :app:mergeDebugNativeLibs
> Task :app:stripDebugDebugSymbols
> Task :app:validateSigningDebug
> Task :app:writeDebugAppMetadata
> Task :app:writeDebugSigningConfigVersions
> Task :app:packageDebug
> Task :app:createDebugApkListingFileRedirect
> Task :app:assembleDebug
> Task :app:preDebugAndroidTestBuild SKIPPED
> Task :app:generateDebugAndroidTestLintModel
> Task :app:extractProguardFiles
> Task :app:generateDebugLintReportModel
> Task :app:generateDebugUnitTestLintModel
> Task :app:lintAnalyzeDebug
> Task :app:lintAnalyzeDebugAndroidTest
> Task :app:lintAnalyzeDebugUnitTest

> Task :app:lintReportDebug
Wrote HTML report to file:///home/ddobagi/Code/hanium-dreamup-walksafe-rc2-20260715/apps/android/app/build/reports/lint-results-debug.html

> Task :app:lintDebug

BUILD SUCCESSFUL in 1m 9s
53 actionable tasks: 53 executed
Consider enabling configuration cache to speed up this build: https://docs.gradle.org/9.3.1/userguide/configuration_cache_enabling.html
WALKSAFE_JUNIT_XML_FILES=95
WALKSAFE_JUNIT_TESTS=711
WALKSAFE_JUNIT_FAILURES=0
WALKSAFE_JUNIT_ERRORS=0
WALKSAFE_JUNIT_SKIPPED=0
WALKSAFE_JUNIT_XML_CONTENT_SET_SHA256=e065e5c0d80b4359458e1ddd496bd2430392d90823e474bb4ac8dd9fa3e5e91f
WALKSAFE_JUNIT_SUMMARIZER_SHA256=47f92f033bf23aee5dab41224df92eb51d17bd184c8e113a8dc928d592fc57cd
WALKSAFE_COMMAND_ENDED_AT=2026-07-26T10:32:19+09:00
WALKSAFE_COMMAND_EXIT_CODE=0
