To honour the JVM settings for this build a single-use Daemon process will be forked. For more on this, please refer to https://docs.gradle.org/9.3.1/userguide/gradle_daemon.html#sec:disabling_the_daemon in the Gradle documentation.
Daemon will be stopped at the end of the build 
> Task :app:preBuild UP-TO-DATE
> Task :app:preDebugBuild UP-TO-DATE
> Task :app:generateDebugBuildConfig UP-TO-DATE
> Task :app:generateDebugResources UP-TO-DATE
> Task :app:packageDebugResources UP-TO-DATE
> Task :app:processDebugNavigationResources UP-TO-DATE
> Task :app:parseDebugLocalResources UP-TO-DATE
> Task :app:generateDebugRFile UP-TO-DATE
> Task :app:javaPreCompileDebug UP-TO-DATE
> Task :app:checkDebugAarMetadata UP-TO-DATE
> Task :app:mapDebugSourceSetPaths UP-TO-DATE
> Task :app:compileDebugNavigationResources UP-TO-DATE
> Task :app:mergeDebugResources UP-TO-DATE
> Task :app:createDebugCompatibleScreenManifests UP-TO-DATE
> Task :app:extractDeepLinksDebug UP-TO-DATE
> Task :app:processDebugMainManifest UP-TO-DATE
> Task :app:processDebugManifest UP-TO-DATE
> Task :app:processDebugManifestForPackage UP-TO-DATE
> Task :app:processDebugResources UP-TO-DATE
> Task :app:preDebugUnitTestBuild UP-TO-DATE
> Task :app:javaPreCompileDebugUnitTest UP-TO-DATE
> Task :app:mergeDebugNativeDebugMetadata NO-SOURCE
> Task :app:generateDebugAssets UP-TO-DATE
> Task :app:mergeDebugAssets UP-TO-DATE
> Task :app:compressDebugAssets UP-TO-DATE
> Task :app:desugarDebugFileDependencies UP-TO-DATE
> Task :app:checkDebugDuplicateClasses UP-TO-DATE
> Task :app:mergeExtDexDebug UP-TO-DATE
> Task :app:mergeLibDexDebug UP-TO-DATE
> Task :app:mergeDebugJniLibFolders UP-TO-DATE
> Task :app:mergeDebugNativeLibs UP-TO-DATE
> Task :app:stripDebugDebugSymbols UP-TO-DATE
> Task :app:validateSigningDebug UP-TO-DATE
> Task :app:writeDebugAppMetadata UP-TO-DATE
> Task :app:writeDebugSigningConfigVersions UP-TO-DATE
> Task :app:preDebugAndroidTestBuild SKIPPED
> Task :app:extractProguardFiles UP-TO-DATE

> Task :app:compileDebugKotlin
w: file:///home/ddobagi/Code/hanium-dreamup-walksafe-rc2-20260715/apps/android/app/src/main/java/kr/co/hanium/dreamup/walksafe/MainActivity.kt:5786:24 'fun announceForAccessibility(p0: CharSequence!): Unit' is deprecated. Deprecated in Java.
w: file:///home/ddobagi/Code/hanium-dreamup-walksafe-rc2-20260715/apps/android/app/src/main/java/kr/co/hanium/dreamup/walksafe/MainActivity.kt:5961:59 'fun announceForAccessibility(p0: CharSequence!): Unit' is deprecated. Deprecated in Java.

> Task :app:compileDebugJavaWithJavac UP-TO-DATE
> Task :app:processDebugJavaRes UP-TO-DATE
> Task :app:bundleDebugClassesToCompileJar
> Task :app:bundleDebugClassesToRuntimeJar
> Task :app:dexBuilderDebug
> Task :app:mergeDebugJavaResource UP-TO-DATE
> Task :app:mergeDebugGlobalSynthetics
> Task :app:generateDebugAndroidTestLintModel
> Task :app:mergeProjectDexDebug
> Task :app:generateDebugLintReportModel
> Task :app:generateDebugUnitTestLintModel
> Task :app:packageDebug
> Task :app:createDebugApkListingFileRedirect UP-TO-DATE
> Task :app:assembleDebug
> Task :app:compileDebugUnitTestKotlin
> Task :app:compileDebugUnitTestJavaWithJavac NO-SOURCE
> Task :app:processDebugUnitTestJavaRes UP-TO-DATE

> Task :app:testDebugUnitTest

PriorityUserOnboardingStaticTest > ageBoundaryBlocksLocalAccountActivationWithoutFakeGuardianApproval FAILED
    java.lang.AssertionError at PriorityUserOnboardingStaticTest.kt:58

PriorityUserOnboardingStaticTest > onboardingIsRequiredAtBothStartAndRuntimeReadinessBoundaries FAILED
    java.lang.AssertionError at PriorityUserOnboardingStaticTest.kt:21

PriorityUserOnboardingStaticTest > onboardingUsesVisibleButtonsFlexibleTextAndExplicitFocusOrder FAILED
    java.lang.IllegalStateException at PriorityUserOnboardingStaticTest.kt:97

PriorityUserOnboardingStaticTest > restoredTrainingNeverRestoresThePreviousWalkOrRoute FAILED
    java.lang.IllegalStateException at PriorityUserOnboardingStaticTest.kt:97

PriorityUserOnboardingStaticTest > practiceSuccessRequiresBothSpokenAndVibrationDelivery FAILED
    java.lang.IllegalStateException at PriorityUserOnboardingStaticTest.kt:97

467 tests completed, 5 failed

> Task :app:testDebugUnitTest FAILED
> Task :app:lintAnalyzeDebug

FAILURE: Build failed with an exception.

w: Detected multiple Kotlin daemon sessions at 
* What went wrong:
Execution failed for task ':app:testDebugUnitTest'.
> There were failing tests. See the report at: file:///home/ddobagi/Code/hanium-dreamup-walksafe-rc2-20260715/apps/android/app/build/reports/tests/testDebugUnitTest/index.html

* Try:
> Run with --scan to get full insights from a Build Scan (powered by Develocity).

BUILD FAILED in 31s
49 actionable tasks: 13 executed, 36 up-to-date
