WALKSAFE_EXECUTION_EVENT_SEQUENCE=24
WALKSAFE_EXECUTION_EVENT_ID=WS-GOAL-GRAPH-V2-4-GOAL-STARTED-FP016-20260726-001
WALKSAFE_EXECUTION_EVENT_SHA256=4939c7612a7b1b452df2273977305f057ff856e7f95633f5b2922d7052bc71f6
WALKSAFE_IMPLEMENTATION_EXACT_13_CONTENT_SET_SHA256=ff9f07c1b811d11bda64a0b52fbc58844c917197f6b0e8d82b0c11847f662fd6
WALKSAFE_RUN_ID=walksafe-fp016-gateway-20260726-002
WALKSAFE_COMMAND_SHA256=9645b7b924c4a4ccb120b90d157697575fb334cd1bbe7d09dbdf635b25ad1fa7
WALKSAFE_RESOURCE_LIMIT=MemoryMax:2G,MemoryHigh:1536M,CPUQuota:150%
WALKSAFE_COMMAND_STARTED_AT=2026-07-26T07:50:44+09:00

> walksafe-android-gateway@0.1.0 typecheck
> tsc --noEmit


> walksafe-android-gateway@0.1.0 test
> npm run build && node --test dist/test/*.test.js


> walksafe-android-gateway@0.1.0 build
> npm run clean && tsc


> walksafe-android-gateway@0.1.0 clean
> node --input-type=module --eval "import { rmSync } from 'node:fs'; rmSync('dist', { recursive: true, force: true })"

TAP version 13
# Subtest: long-lived mode requires explicit enablement and all bounded TTL values
ok 1 - long-lived mode requires explicit enablement and all bounded TTL values
  ---
  duration_ms: 42.77291
  type: 'test'
  ...
# Subtest: field long-lived enablement does not change the admin short-session contract
ok 2 - field long-lived enablement does not change the admin short-session contract
  ---
  duration_ms: 1.548476
  type: 'test'
  ...
# Subtest: device login returns split credentials while persisted state contains only digests
ok 3 - device login returns split credentials while persisted state contains only digests
  ---
  duration_ms: 4.81024
  type: 'test'
  ...
# Subtest: rotation is one-time and consumed-token reuse revokes only that device family
ok 4 - rotation is one-time and consumed-token reuse revokes only that device family
  ---
  duration_ms: 12.41968
  type: 'test'
  ...
# Subtest: concurrent use of one refresh token permits one rotation then fails closed
ok 5 - concurrent use of one refresh token permits one rotation then fails closed
  ---
  duration_ms: 6.696204
  type: 'test'
  ...
# Subtest: a random refresh mismatch does not revoke the valid family
ok 6 - a random refresh mismatch does not revoke the valid family
  ---
  duration_ms: 4.527015
  type: 'test'
  ...
# Subtest: access, refresh idle, and refresh absolute boundaries expire at the exact timestamp
ok 7 - access, refresh idle, and refresh absolute boundaries expire at the exact timestamp
  ---
  duration_ms: 1.737102
  type: 'test'
  ...
# Subtest: device listing and selective revoke remain bound to the authenticated actor
ok 8 - device listing and selective revoke remain bound to the authenticated actor
  ---
  duration_ms: 13.194624
  type: 'test'
  ...
# Subtest: removing an actor account immediately closes status and device-management access
ok 9 - removing an actor account immediately closes status and device-management access
  ---
  duration_ms: 3.849725
  type: 'test'
  ...
# Subtest: refresh-proof logout works without an access cookie and is idempotent
ok 10 - refresh-proof logout works without an access cookie and is idempotent
  ---
  duration_ms: 5.950635
  type: 'test'
  ...
# Subtest: account lock and security incident revoke every actor session but no other actor
ok 11 - account lock and security incident revoke every actor session but no other actor
  ---
  duration_ms: 19.202027
  type: 'test'
  ...
# Subtest: pre-commit storage failures preserve the old refresh proof for one retry
ok 12 - pre-commit storage failures preserve the old refresh proof for one retry
  ---
  duration_ms: 7.430923
  type: 'test'
  ...
# Subtest: post-rename durability failure is outcome-unknown and old proof fails closed
ok 13 - post-rename durability failure is outcome-unknown and old proof fails closed
  ---
  duration_ms: 3.970944
  type: 'test'
  ...
# Subtest: field-session query and refresh shapes reject ambiguous input
ok 14 - field-session query and refresh shapes reject ambiguous input
  ---
  duration_ms: 3.499804
  type: 'test'
  ...
# Subtest: OpenAPI and router expose exactly four public paths and approved methods
ok 15 - OpenAPI and router expose exactly four public paths and approved methods
  ---
  duration_ms: 23.606571
  type: 'test'
  ...
# Subtest: privacy rights page is public, separate from the four APIs, and links only to approved HTTPS intake
ok 16 - privacy rights page is public, separate from the four APIs, and links only to approved HTTPS intake
  ---
  duration_ms: 1.425684
  type: 'test'
  ...
# Subtest: configuration accepts only the fixed loopback backend and bind host
ok 17 - configuration accepts only the fixed loopback backend and bind host
  ---
  duration_ms: 0.383815
  type: 'test'
  ...
# Subtest: privacy rights intake configuration accepts only one exact HTTPS URL
ok 18 - privacy rights intake configuration accepts only one exact HTTPS URL
  ---
  duration_ms: 0.162387
  type: 'test'
  ...
# Subtest: production field configuration does not require an admin credential
ok 19 - production field configuration does not require an admin credential
  ---
  duration_ms: 0.289577
  type: 'test'
  ...
# Subtest: field session is actor-bound, revocable, secure on HTTPS, and never cached
ok 20 - field session is actor-bound, revocable, secure on HTTPS, and never cached
  ---
  duration_ms: 19.027086
  type: 'test'
  ...
# Subtest: field login limiter blocks the sixth attempt from one trusted client
ok 21 - field login limiter blocks the sixth attempt from one trusted client
  ---
  duration_ms: 10.15961
  type: 'test'
  ...
# Subtest: walking and search proxy only approved data and internal actor credentials
ok 22 - walking and search proxy only approved data and internal actor credentials
  ---
  duration_ms: 5.331986
  type: 'test'
  ...
# Subtest: upstream 401 and 403 never invalidate the Android field session
ok 23 - upstream 401 and 403 never invalidate the Android field session
  ---
  duration_ms: 5.332868
  type: 'test'
  ...
# Subtest: report multipart is bounded and proxied only after field authentication
ok 24 - report multipart is bounded and proxied only after field authentication
  ---
  duration_ms: 27.841765
  type: 'test'
  ...
# Subtest: multipart part counting ignores boundary text inside a payload
ok 25 - multipart part counting ignores boundary text inside a payload
  ---
  duration_ms: 0.233742
  type: 'test'
  ...
# Subtest: report authentication and busy admission reject before opening the body
ok 26 - report authentication and busy admission reject before opening the body
  ---
  duration_ms: 7.428197
  type: 'test'
  ...
# Subtest: report admission enforces one in-flight upload and twelve actor events per minute
ok 27 - report admission enforces one in-flight upload and twelve actor events per minute
  ---
  duration_ms: 0.335394
  type: 'test'
  ...
# Subtest: bounded navigation body and upstream deadline fail closed
ok 28 - bounded navigation body and upstream deadline fail closed
  ---
  duration_ms: 9.904266
  type: 'test'
  ...
# Subtest: four selections are independent, versioned, idempotent, and current
ok 29 - four selections are independent, versioned, idempotent, and current
  ---
  duration_ms: 30.078903
  type: 'test'
  ...
# Subtest: withdrawal advances revision and makes the prior receipt stale
ok 30 - withdrawal advances revision and makes the prior receipt stale
  ---
  duration_ms: 3.199627
  type: 'test'
  ...
# Subtest: all-denied selection is valid and wrong policy requires reconsent
ok 31 - all-denied selection is valid and wrong policy requires reconsent
  ---
  duration_ms: 1.683832
  type: 'test'
  ...
# Subtest: control secret protects read and write access
ok 32 - control secret protects read and write access
  ---
  duration_ms: 2.001001
  type: 'test'
  ...
# Subtest: older client revision cannot reverse a newer withdrawal
ok 33 - older client revision cannot reverse a newer withdrawal
  ---
  duration_ms: 1.259641
  type: 'test'
  ...
# Subtest: cellular authorization requires the independent mobile selection
ok 34 - cellular authorization requires the independent mobile selection
  ---
  duration_ms: 1.272795
  type: 'test'
  ...
# Subtest: receipt binds to the first field actor until explicit reconsent
ok 35 - receipt binds to the first field actor until explicit reconsent
  ---
  duration_ms: 2.049423
  type: 'test'
  ...
# Subtest: real loopback HTTP adapter supplies peer IP for direct Android login
ok 36 - real loopback HTTP adapter supplies peer IP for direct Android login
  ---
  duration_ms: 41.736762
  type: 'test'
  ...
# Subtest: response backpressure settles and cancels the body when the client closes
ok 37 - response backpressure settles and cancels the body when the client closes
  ---
  duration_ms: 0.780615
  type: 'test'
  ...
# Subtest: deletion tombstones the generation and exposes nine external-pending SLA items
ok 38 - deletion tombstones the generation and exposes nine external-pending SLA items
  ---
  duration_ms: 45.13264
  type: 'test'
  ...
# Subtest: item transitions use secret authorization, operation idempotency, and revision CAS
ok 39 - item transitions use secret authorization, operation idempotency, and revision CAS
  ---
  duration_ms: 552.923375
  type: 'test'
  ...
# Subtest: tombstone rejects old access and refresh before replay retries revocation
ok 40 - tombstone rejects old access and refresh before replay retries revocation
  ---
  duration_ms: 25.494328
  type: 'test'
  ...
1..40
# tests 40
# suites 0
# pass 40
# fail 0
# cancelled 0
# skipped 0
# todo 0
# duration_ms 1378.235378
WALKSAFE_COMMAND_ENDED_AT=2026-07-26T07:50:50+09:00
WALKSAFE_COMMAND_EXIT_CODE=0
