WALKSAFE_EXECUTION_EVENT_SEQUENCE=42
WALKSAFE_EXECUTION_EVENT_ID=WS-GOAL-GRAPH-V2-4-GOAL-STARTED-FP048-20260802-005
WALKSAFE_EXECUTION_EVENT_SHA256=e8b4f8c91082e856934b93ea633047ddc32f8b1c7549c590b455483145fef1c9
WALKSAFE_IMPLEMENTATION_CONTENT_SET_SHA256=be4445d2a4e34f1fdc9e7aafd468fd91f296bdfcbd9e51017251923fbebc0048
WALKSAFE_VERIFICATION_INPUT_CONTENT_SET_SHA256=ece5d10dea5df067876d9ad344496e1096171a17194149be83626af827783c74
WALKSAFE_RUN_ID=fp048-incident-state-notice-decision-616f0f9fd8f3c62f
WALKSAFE_COMMAND_SHA256=e84bd72e16b6e7b5ee70f3d2b2aed75bb587a19e188a8debb58ea76ceaa60fb8
WALKSAFE_COMMAND_STARTED_AT=2026-08-03T01:35:59.536477+09:00
WALKSAFE_LANE_ID=INCIDENT_STATE_NOTICE_DECISION
WALKSAFE_LANE_STATUS=PASS
WALKSAFE_RAW_COMMAND_OUTPUT_BEGIN
................................................................         [100%]
64 passed in 0.30s
WALKSAFE_RAW_COMMAND_OUTPUT_END
WALKSAFE_INCIDENT_INTERNAL_STATUS=PASS
WALKSAFE_INCIDENT_TEST_UNIVERSE_PASSED=64
WALKSAFE_LEGAL_REVIEW_STATUS=NOT_RUN
WALKSAFE_PRIVACY_REVIEW_STATUS=NOT_RUN
WALKSAFE_NOTIFICATION_EXECUTION_STATUS=NOT_RUN
WALKSAFE_COMMAND_ENDED_AT=2026-08-03T01:36:00.069186+09:00
WALKSAFE_COMMAND_EXIT_CODE=0
