WALKSAFE_EXECUTION_EVENT_SEQUENCE=42
WALKSAFE_EXECUTION_EVENT_ID=WS-GOAL-GRAPH-V2-4-GOAL-STARTED-FP048-20260802-005
WALKSAFE_EXECUTION_EVENT_SHA256=e8b4f8c91082e856934b93ea633047ddc32f8b1c7549c590b455483145fef1c9
WALKSAFE_IMPLEMENTATION_CONTENT_SET_SHA256=be4445d2a4e34f1fdc9e7aafd468fd91f296bdfcbd9e51017251923fbebc0048
WALKSAFE_VERIFICATION_INPUT_CONTENT_SET_SHA256=ece5d10dea5df067876d9ad344496e1096171a17194149be83626af827783c74
WALKSAFE_RUN_ID=fp048-key-lifecycle-original-access-0360d11dba5bb16a
WALKSAFE_COMMAND_SHA256=53651ff2d37124fa93a7fd3bb73704064bcf8b48d193e6f429dc76b0f8f7a28d
WALKSAFE_COMMAND_STARTED_AT=2026-08-03T01:35:47.607197+09:00
WALKSAFE_LANE_ID=KEY_LIFECYCLE_ORIGINAL_ACCESS
WALKSAFE_LANE_STATUS=PASS
WALKSAFE_RAW_COMMAND_OUTPUT_BEGIN
...................................ssssssss.s...................s....... [ 27%]
........................................................................ [ 54%]
........................................................................ [ 81%]
................s................................                        [100%]
254 passed, 11 skipped in 5.83s
WALKSAFE_RAW_COMMAND_OUTPUT_END
WALKSAFE_BACKEND_FOCUSED_PASSED=254
WALKSAFE_BACKEND_FOCUSED_SKIPPED=11
WALKSAFE_EXTERNAL_KMS_STATUS=NOT_RUN
WALKSAFE_COMMAND_ENDED_AT=2026-08-03T01:35:53.795775+09:00
WALKSAFE_COMMAND_EXIT_CODE=0
