WALKSAFE_EXECUTION_EVENT_SEQUENCE=42
WALKSAFE_EXECUTION_EVENT_ID=WS-GOAL-GRAPH-V2-4-GOAL-STARTED-FP048-20260802-005
WALKSAFE_EXECUTION_EVENT_SHA256=e8b4f8c91082e856934b93ea633047ddc32f8b1c7549c590b455483145fef1c9
WALKSAFE_IMPLEMENTATION_CONTENT_SET_SHA256=be4445d2a4e34f1fdc9e7aafd468fd91f296bdfcbd9e51017251923fbebc0048
WALKSAFE_VERIFICATION_INPUT_CONTENT_SET_SHA256=ece5d10dea5df067876d9ad344496e1096171a17194149be83626af827783c74
WALKSAFE_RUN_ID=fp048-server-original-db-backup-boundary-c90c7033f52467ae
WALKSAFE_COMMAND_SHA256=2934073d1663bda5f67a815a1ba85d4b8e5ac2e5e1cbade40ead9c6b66fbe926
WALKSAFE_COMMAND_STARTED_AT=2026-08-03T01:35:33.526529+09:00
WALKSAFE_LANE_ID=SERVER_ORIGINAL_DB_BACKUP_BOUNDARY
WALKSAFE_LANE_STATUS=PASS
WALKSAFE_RAW_COMMAND_OUTPUT_BEGIN
..................................s..................................... [ 15%]
........................................................................ [ 31%]
........................................................................ [ 47%]
........................................................................ [ 63%]
...ssssssss.s........................................................... [ 79%]
..................................................s..................... [ 95%]
....................                                                     [100%]
441 passed, 11 skipped in 3.26s
......................................                                   [100%]
38 passed in 3.41s
................................................................         [100%]
64 passed in 0.30s
WALKSAFE_RAW_COMMAND_OUTPUT_END
WALKSAFE_BACKEND_INTERNAL_PASSED=441
WALKSAFE_BACKEND_INTERNAL_SKIPPED=11
WALKSAFE_RETENTION_INTERNAL_PASSED=38
WALKSAFE_BACKUP_INTERNAL_PASSED=64
WALKSAFE_DATABASE_INTEGRATION_STATUS=NOT_RUN
WALKSAFE_BACKUP_RESTORE_STATUS=NOT_RUN
WALKSAFE_COMMAND_ENDED_AT=2026-08-03T01:35:41.472636+09:00
WALKSAFE_COMMAND_EXIT_CODE=0
