To honour the JVM settings for this build a single-use Daemon process will be forked. For more on this, please refer to https://docs.gradle.org/9.3.1/userguide/gradle_daemon.html#sec:disabling_the_daemon in the Gradle documentation.
Daemon will be stopped at the end of the build 
> Task :adminapp:preBuild UP-TO-DATE
> Task :adminapp:preDebugBuild UP-TO-DATE
> Task :adminapp:generateDebugBuildConfig
> Task :adminapp:generateDebugResources
> Task :adminapp:packageDebugResources
> Task :adminapp:processDebugNavigationResources FAILED

FAILURE: Build failed with an exception.

* What went wrong:
Execution failed for task ':adminapp:processDebugNavigationResources'.
> Could not resolve all files for configuration ':adminapp:debugRuntimeClasspath'.
   > Did not resolve 'org.jetbrains:annotations:13.0' which is part of the dependency lock state
   > Did not resolve 'org.jetbrains.kotlin:kotlin-stdlib:2.2.10' which is part of the dependency lock state
   > Could not resolve org.jetbrains.kotlin:kotlin-stdlib:2.2.10.
     Required by:
         project ':adminapp'
      > No cached version of org.jetbrains.kotlin:kotlin-stdlib:2.2.10 available for offline mode.
      > No cached version of org.jetbrains.kotlin:kotlin-stdlib:2.2.10 available for offline mode.
> There are 2 more failures with identical causes.

* Try:
> Run with --stacktrace option to get the stack trace.
> Run with --info or --debug option to get more log output.
> Run with --scan to get full insights from a Build Scan (powered by Develocity).
> Get more help at https://help.gradle.org.

BUILD FAILED in 3s
4 actionable tasks: 4 executed
