To honour the JVM settings for this build a single-use Daemon process will be forked. For more on this, please refer to https://docs.gradle.org/9.3.1/userguide/gradle_daemon.html#sec:disabling_the_daemon in the Gradle documentation.
Daemon will be stopped at the end of the build 
> Task :app:preBuild UP-TO-DATE
> Task :app:preDebugBuild UP-TO-DATE
> Task :app:generateDebugBuildConfig
> Task :app:generateDebugResources
> Task :app:packageDebugResources
> Task :app:processDebugNavigationResources
> Task :app:parseDebugLocalResources
> Task :app:generateDebugRFile

> Task :app:compileDebugKotlin
w: file:///tmp/walksafe-fp008-authority-63_5jzv7/snapshots/repository-zy2n5pdr/repository/apps/android/app/src/main/java/kr/co/hanium/dreamup/walksafe/MainActivity.kt:16180:24 'fun announceForAccessibility(p0: CharSequence!): Unit' is deprecated. Deprecated in Java.
w: file:///tmp/walksafe-fp008-authority-63_5jzv7/snapshots/repository-zy2n5pdr/repository/apps/android/app/src/main/java/kr/co/hanium/dreamup/walksafe/MainActivity.kt:16371:59 'fun announceForAccessibility(p0: CharSequence!): Unit' is deprecated. Deprecated in Java.
w: file:///tmp/walksafe-fp008-authority-63_5jzv7/snapshots/repository-zy2n5pdr/repository/apps/android/app/src/main/java/kr/co/hanium/dreamup/walksafe/network/GatewayWalkSession.kt:25:29 Non-public primary constructor is exposed via the generated 'copy()' method of the 'data' class.

The generated 'copy()' will change its visibility in future releases.

To suppress the warning do one of the following:
- Annotate the data class with the '@ConsistentCopyVisibility' annotation.
- Use the '-Xconsistent-data-class-copy-visibility' compiler flag.
- Annotate the data class with the '@ExposedCopyVisibility' annotation 
  (Discouraged, but can be used to keep binary compatibility).

To learn more, see the documentation of the '@ConsistentCopyVisibility' and '@ExposedCopyVisibility' annotations.

This will become an error in language version 2.3.
w: file:///tmp/walksafe-fp008-authority-63_5jzv7/snapshots/repository-zy2n5pdr/repository/apps/android/app/src/main/java/kr/co/hanium/dreamup/walksafe/network/GatewayWalkSession.kt:46:32 Non-public primary constructor is exposed via the generated 'copy()' method of the 'data' class.

The generated 'copy()' will change its visibility in future releases.

To suppress the warning do one of the following:
- Annotate the data class with the '@ConsistentCopyVisibility' annotation.
- Use the '-Xconsistent-data-class-copy-visibility' compiler flag.
- Annotate the data class with the '@ExposedCopyVisibility' annotation 
  (Discouraged, but can be used to keep binary compatibility).

To learn more, see the documentation of the '@ConsistentCopyVisibility' and '@ExposedCopyVisibility' annotations.

This will become an error in language version 2.3.
w: file:///tmp/walksafe-fp008-authority-63_5jzv7/snapshots/repository-zy2n5pdr/repository/apps/android/app/src/main/java/kr/co/hanium/dreamup/walksafe/network/GatewayWalkSession.kt:62:29 Non-public primary constructor is exposed via the generated 'copy()' method of the 'data' class.

The generated 'copy()' will change its visibility in future releases.

To suppress the warning do one of the following:
- Annotate the data class with the '@ConsistentCopyVisibility' annotation.
- Use the '-Xconsistent-data-class-copy-visibility' compiler flag.
- Annotate the data class with the '@ExposedCopyVisibility' annotation 
  (Discouraged, but can be used to keep binary compatibility).

To learn more, see the documentation of the '@ConsistentCopyVisibility' and '@ExposedCopyVisibility' annotations.

This will become an error in language version 2.3.
w: file:///tmp/walksafe-fp008-authority-63_5jzv7/snapshots/repository-zy2n5pdr/repository/apps/android/app/src/main/java/kr/co/hanium/dreamup/walksafe/network/GatewayWalkSession.kt:473:42 Non-public primary constructor is exposed via the generated 'copy()' method of the 'data' class.

The generated 'copy()' will change its visibility in future releases.

To suppress the warning do one of the following:
- Annotate the data class with the '@ConsistentCopyVisibility' annotation.
- Use the '-Xconsistent-data-class-copy-visibility' compiler flag.
- Annotate the data class with the '@ExposedCopyVisibility' annotation 
  (Discouraged, but can be used to keep binary compatibility).

To learn more, see the documentation of the '@ConsistentCopyVisibility' and '@ExposedCopyVisibility' annotations.

This will become an error in language version 2.3.

> Task :app:javaPreCompileDebug
> Task :app:compileDebugJavaWithJavac
> Task :app:checkDebugAarMetadata
> Task :app:mapDebugSourceSetPaths
> Task :app:compileDebugNavigationResources
> Task :app:mergeDebugResources
> Task :app:createDebugCompatibleScreenManifests
> Task :app:extractDeepLinksDebug
> Task :app:processDebugMainManifest
> Task :app:processDebugManifest
> Task :app:processDebugManifestForPackage
> Task :app:processDebugResources
> Task :app:bundleDebugClassesToRuntimeJar
> Task :app:bundleDebugClassesToCompileJar
> Task :app:preDebugUnitTestBuild UP-TO-DATE

> Task :app:compileDebugUnitTestKotlin
w: file:///tmp/walksafe-fp008-authority-63_5jzv7/snapshots/repository-zy2n5pdr/repository/apps/android/app/src/test/java/kr/co/hanium/dreamup/walksafe/session/AccountDeletionAuthorityRestartTest.kt:209:29 'fun runWorkerStageIfCurrent(attempt: AccountDeletionWorkerAttempt, action: (AccountDeletionJournal?) -> Boolean): AccountDeletionWorkerStageResult' is deprecated. Blocking durable I/O must use prepare-only runWorkerPreparationIfCurrent.
w: file:///tmp/walksafe-fp008-authority-63_5jzv7/snapshots/repository-zy2n5pdr/repository/apps/android/app/src/test/java/kr/co/hanium/dreamup/walksafe/session/AccountDeletionAuthorityRestartTest.kt:488:29 'fun runWorkerStageIfCurrent(attempt: AccountDeletionWorkerAttempt, action: (AccountDeletionJournal?) -> Boolean): AccountDeletionWorkerStageResult' is deprecated. Blocking durable I/O must use prepare-only runWorkerPreparationIfCurrent.
w: file:///tmp/walksafe-fp008-authority-63_5jzv7/snapshots/repository-zy2n5pdr/repository/apps/android/app/src/test/java/kr/co/hanium/dreamup/walksafe/session/PrivacyDeletionHardeningTest.kt:248:25 'fun runWorkerTerminalStageIfCurrent(attempt: AccountDeletionWorkerAttempt, errorCode: String? = ..., action: (AccountDeletionJournal?) -> Boolean): AccountDeletionWorkerStageResult' is deprecated. Durable terminal I/O must use runWorkerTerminalPreparedCommitIfCurrent.
w: file:///tmp/walksafe-fp008-authority-63_5jzv7/snapshots/repository-zy2n5pdr/repository/apps/android/app/src/test/java/kr/co/hanium/dreamup/walksafe/session/PrivacyDeletionHardeningTest.kt:310:25 'fun runWorkerTerminalStageIfCurrent(attempt: AccountDeletionWorkerAttempt, errorCode: String? = ..., action: (AccountDeletionJournal?) -> Boolean): AccountDeletionWorkerStageResult' is deprecated. Durable terminal I/O must use runWorkerTerminalPreparedCommitIfCurrent.
w: file:///tmp/walksafe-fp008-authority-63_5jzv7/snapshots/repository-zy2n5pdr/repository/apps/android/app/src/test/java/kr/co/hanium/dreamup/walksafe/session/PrivacyDeletionHardeningTest.kt:360:21 'fun runWorkerTerminalStageIfCurrent(attempt: AccountDeletionWorkerAttempt, errorCode: String? = ..., action: (AccountDeletionJournal?) -> Boolean): AccountDeletionWorkerStageResult' is deprecated. Durable terminal I/O must use runWorkerTerminalPreparedCommitIfCurrent.

> Task :app:javaPreCompileDebugUnitTest
> Task :app:compileDebugUnitTestJavaWithJavac NO-SOURCE
> Task :app:processDebugJavaRes
> Task :app:processDebugUnitTestJavaRes
> Task :app:testDebugUnitTest
> Task :app:mergeDebugNativeDebugMetadata NO-SOURCE
> Task :app:generateDebugAssets UP-TO-DATE
> Task :app:mergeDebugAssets
> Task :app:compressDebugAssets
> Task :app:desugarDebugFileDependencies
> Task :app:dexBuilderDebug
> Task :app:mergeDebugGlobalSynthetics
> Task :app:mergeDebugJavaResource
> Task :app:checkDebugDuplicateClasses
> Task :app:mergeExtDexDebug
> Task :app:mergeLibDexDebug
> Task :app:mergeProjectDexDebug
> Task :app:mergeDebugJniLibFolders
> Task :app:mergeDebugNativeLibs
> Task :app:stripDebugDebugSymbols
> Task :app:validateSigningDebug
> Task :app:writeDebugAppMetadata
> Task :app:writeDebugSigningConfigVersions
> Task :app:packageDebug
> Task :app:createDebugApkListingFileRedirect
> Task :app:assembleDebug
> Task :app:preDebugAndroidTestBuild SKIPPED
> Task :app:generateDebugAndroidTestLintModel
> Task :app:extractProguardFiles
> Task :app:generateDebugLintReportModel
> Task :app:generateDebugUnitTestLintModel
> Task :app:lintAnalyzeDebug
> Task :app:lintAnalyzeDebugAndroidTest
> Task :app:lintAnalyzeDebugUnitTest

> Task :app:lintReportDebug
Wrote HTML report to file:///tmp/walksafe-fp008-authority-63_5jzv7/snapshots/repository-zy2n5pdr/repository/apps/android/app/build/reports/lint-results-debug.html

> Task :app:lintDebug

BUILD SUCCESSFUL in 1m 13s
53 actionable tasks: 53 executed
Consider enabling configuration cache to speed up this build: https://docs.gradle.org/9.3.1/userguide/configuration_cache_enabling.html
