{"lock_sha256":"3b71481dee20943c6a7039315068809c6858c720bfc9df9133d43048b7b7b1a3","node":{"bytes":124835376,"mode":"0755","path":"bin/node","sha256":"93956de2e59480474a7b46571da1651180b1a050cdf32641ebec4ce6e478e068","target":"","type":"regular","version":"v22.23.1"},"npm":{"launcher":{"bytes":38,"mode":"0777","path":"bin/npm","resolved_path":"lib/node_modules/npm/bin/npm-cli.js","sha256":"073c15c135959de3e43dbea2b38d6e9b6d657fe9d4fc8ca2d3203e7793278bba","target":"../lib/node_modules/npm/bin/npm-cli.js","type":"symlink"},"package":{"closure":{"algorithm":"walksafe-node-npm-closure-jsonl-sha256.v1","bytes":10899866,"directories":500,"entries":2464,"regular_files":1964,"sha256":"bd949c636783ea74e79b83fc6c7c1c0d005b39db25d02a9ceceddc81384480ab","symlinks":0},"path":"lib/node_modules/npm"},"version":"10.9.8"},"official_archive":{"name":"node-v22.23.1-linux-x64.tar.xz","sha256":"9749e988f437343b7fa832c69ded82a312e41a03116d766797ac14f6f9eee578","shasums_url":"https://nodejs.org/dist/v22.23.1/SHASUMS256.txt","url":"https://nodejs.org/dist/v22.23.1/node-v22.23.1-linux-x64.tar.xz"},"platform":{"machine":"x86_64","node_arch":"x64","node_platform":"linux","system":"Linux"},"root":{"closure":{"algorithm":"walksafe-node-root-closure-jsonl-sha256.v1","bytes":196770168,"directories":1113,"entries":5866,"regular_files":4750,"sha256":"e3f950e4c5a10faca24d32c2a67899d720a7a3fc96512dde267b57d29bdf12ec","symlinks":3},"path":"."},"schema_version":"walksafe.node-toolchain-attestation.v2"}

added 3 packages in 175ms

> walksafe-android-gateway@0.1.0 build
> npm run clean && tsc


> walksafe-android-gateway@0.1.0 clean
> node --input-type=module --eval "import { rmSync } from 'node:fs'; rmSync('dist', { recursive: true, force: true })"

npm notice
npm notice New major version of npm available! 10.9.8 -> 12.0.2
npm notice Changelog: https://github.com/npm/cli/releases/tag/v12.0.2
npm notice To update run: npm install -g npm@12.0.2
npm notice
TAP version 13
# Subtest: four selections are independent, versioned, idempotent, and current
ok 1 - four selections are independent, versioned, idempotent, and current
  ---
  duration_ms: 17.755035
  type: 'test'
  ...
# Subtest: withdrawal advances revision and makes the prior receipt stale
ok 2 - withdrawal advances revision and makes the prior receipt stale
  ---
  duration_ms: 3.420147
  type: 'test'
  ...
# Subtest: all-denied selection is valid and wrong policy requires reconsent
ok 3 - all-denied selection is valid and wrong policy requires reconsent
  ---
  duration_ms: 1.693487
  type: 'test'
  ...
# Subtest: control secret protects read and write access
ok 4 - control secret protects read and write access
  ---
  duration_ms: 2.054521
  type: 'test'
  ...
# Subtest: older client revision cannot reverse a newer withdrawal
ok 5 - older client revision cannot reverse a newer withdrawal
  ---
  duration_ms: 1.373662
  type: 'test'
  ...
# Subtest: cellular authorization requires the independent mobile selection
ok 6 - cellular authorization requires the independent mobile selection
  ---
  duration_ms: 1.481496
  type: 'test'
  ...
# Subtest: receipt binds to the first field actor until explicit reconsent
ok 7 - receipt binds to the first field actor until explicit reconsent
  ---
  duration_ms: 2.291289
  type: 'test'
  ...
# Subtest: deletion tombstones the generation and exposes nine external-pending SLA items
ok 8 - deletion tombstones the generation and exposes nine external-pending SLA items
  ---
  duration_ms: 37.006654
  type: 'test'
  ...
# Subtest: item transitions use secret authorization, operation idempotency, and revision CAS
ok 9 - item transitions use secret authorization, operation idempotency, and revision CAS
  ---
  duration_ms: 137.397807
  type: 'test'
  ...
# Subtest: tombstone rejects old access and refresh before replay retries revocation
ok 10 - tombstone rejects old access and refresh before replay retries revocation
  ---
  duration_ms: 31.794403
  type: 'test'
  ...
# Subtest: maintenance inspects then explicitly migrates all five plaintext stores
ok 11 - maintenance inspects then explicitly migrates all five plaintext stores
  ---
  duration_ms: 21.385129
  type: 'test'
  ...
# Subtest: startup preflight rejects plaintext and accepts every migrated managed store
ok 12 - startup preflight rejects plaintext and accepts every migrated managed store
  ---
  duration_ms: 7.790885
  type: 'test'
  ...
# Subtest: rotation rewrites decrypt-only envelopes with the active key
ok 13 - rotation rewrites decrypt-only envelopes with the active key
  ---
  duration_ms: 4.673441
  type: 'test'
  ...
# Subtest: compromised-key state is inspectable but cannot be decrypted or rotated
ok 14 - compromised-key state is inspectable but cannot be decrypted or rotated
  ---
  duration_ms: 5.308985
  type: 'test'
  ...
# Subtest: maintenance requires service stop acknowledgement and honors existing locks
ok 15 - maintenance requires service stop acknowledgement and honors existing locks
  ---
  duration_ms: 4.645007
  type: 'test'
  ...
# Subtest: proxy and privacy failures emit only versioned allowlisted telemetry fields
ok 16 - proxy and privacy failures emit only versioned allowlisted telemetry fields
  ---
  duration_ms: 9.492237
  type: 'test'
  ...
# Subtest: telemetry sink failure does not change the gateway response contract
ok 17 - telemetry sink failure does not change the gateway response contract
  ---
  duration_ms: 0.662485
  type: 'test'
  ...
1..17
# tests 17
# suites 0
# pass 17
# fail 0
# cancelled 0
# skipped 0
# todo 0
# duration_ms 243.149071
