To honour the JVM settings for this build a single-use Daemon process will be forked. For more on this, please refer to https://docs.gradle.org/9.3.1/userguide/gradle_daemon.html#sec:disabling_the_daemon in the Gradle documentation.
Daemon will be stopped at the end of the build 
> Task :app:preBuild UP-TO-DATE
> Task :app:preDebugBuild UP-TO-DATE
> Task :app:generateDebugBuildConfig UP-TO-DATE
> Task :app:generateDebugResources UP-TO-DATE
> Task :app:packageDebugResources UP-TO-DATE
> Task :app:processDebugNavigationResources FAILED

FAILURE: Build failed with an exception.

* What went wrong:
Execution failed for task ':app:processDebugNavigationResources'.
> Could not resolve all files for configuration ':app:debugRuntimeClasspath'.
   > Did not resolve 'com.google.android.gms:play-services-base:18.5.0' which is part of the dependency lock state
   > Did not resolve 'com.google.android.gms:play-services-basement:18.4.0' which is part of the dependency lock state
   > Did not resolve 'com.google.android.gms:play-services-tasks:18.2.0' which is part of the dependency lock state
   > Did not resolve 'com.google.android.gms:play-services-location:21.3.0' which is part of the dependency lock state
   > Could not resolve com.google.android.gms:play-services-location:21.3.0.
     Required by:
         project ':app'
      > No cached version of com.google.android.gms:play-services-location:21.3.0 available for offline mode.
      > No cached version of com.google.android.gms:play-services-location:21.3.0 available for offline mode.
> There are 2 more failures with identical causes.

* Try:
> Run with --stacktrace option to get the stack trace.
> Run with --info or --debug option to get more log output.
> Run with --scan to get full insights from a Build Scan (powered by Develocity).
> Get more help at https://help.gradle.org.

BUILD FAILED in 3s
4 actionable tasks: 1 executed, 3 up-to-date
