WALKSAFE_RUN_ID=fp013-android-full-20260725-002
WALKSAFE_COMMAND_SHA256=320e457931fde9f9f8b38cae46491fe59821182146568b46ae600e832ae13000
WALKSAFE_RESOURCE_LIMIT_MEMORY_MAX=2200M
WALKSAFE_COMMAND_STARTED_AT=2026-07-25T16:34:16+09:00
To honour the JVM settings for this build a single-use Daemon process will be forked. For more on this, please refer to https://docs.gradle.org/9.3.1/userguide/gradle_daemon.html#sec:disabling_the_daemon in the Gradle documentation.
Daemon will be stopped at the end of the build 
> Task :app:preBuild UP-TO-DATE
> Task :app:preDebugBuild UP-TO-DATE
> Task :app:generateDebugBuildConfig
> Task :app:generateDebugResources
> Task :app:packageDebugResources
> Task :app:processDebugNavigationResources
> Task :app:parseDebugLocalResources
> Task :app:generateDebugRFile

> Task :app:compileDebugKotlin
w: file:///home/ddobagi/Code/hanium-dreamup-walksafe-rc2-20260715/apps/android/app/src/main/java/kr/co/hanium/dreamup/walksafe/MainActivity.kt:9575:24 'fun announceForAccessibility(p0: CharSequence!): Unit' is deprecated. Deprecated in Java.
w: file:///home/ddobagi/Code/hanium-dreamup-walksafe-rc2-20260715/apps/android/app/src/main/java/kr/co/hanium/dreamup/walksafe/MainActivity.kt:9763:59 'fun announceForAccessibility(p0: CharSequence!): Unit' is deprecated. Deprecated in Java.

> Task :app:javaPreCompileDebug
> Task :app:compileDebugJavaWithJavac
> Task :app:checkDebugAarMetadata
> Task :app:mapDebugSourceSetPaths
> Task :app:compileDebugNavigationResources
> Task :app:mergeDebugResources
> Task :app:createDebugCompatibleScreenManifests
> Task :app:extractDeepLinksDebug
> Task :app:processDebugMainManifest
> Task :app:processDebugManifest
> Task :app:processDebugManifestForPackage
> Task :app:processDebugResources
> Task :app:bundleDebugClassesToRuntimeJar
> Task :app:bundleDebugClassesToCompileJar
> Task :app:preDebugUnitTestBuild UP-TO-DATE
> Task :app:compileDebugUnitTestKotlin
> Task :app:javaPreCompileDebugUnitTest
> Task :app:compileDebugUnitTestJavaWithJavac NO-SOURCE
> Task :app:processDebugJavaRes
> Task :app:processDebugUnitTestJavaRes
> Task :app:testDebugUnitTest
> Task :app:mergeDebugNativeDebugMetadata NO-SOURCE
> Task :app:generateDebugAssets UP-TO-DATE
> Task :app:mergeDebugAssets
> Task :app:compressDebugAssets
> Task :app:desugarDebugFileDependencies
> Task :app:dexBuilderDebug
> Task :app:mergeDebugGlobalSynthetics
> Task :app:mergeDebugJavaResource
> Task :app:checkDebugDuplicateClasses
> Task :app:mergeExtDexDebug
> Task :app:mergeLibDexDebug
> Task :app:mergeProjectDexDebug
> Task :app:mergeDebugJniLibFolders
> Task :app:mergeDebugNativeLibs
> Task :app:stripDebugDebugSymbols
> Task :app:validateSigningDebug
> Task :app:writeDebugAppMetadata
> Task :app:writeDebugSigningConfigVersions
> Task :app:packageDebug
> Task :app:createDebugApkListingFileRedirect
> Task :app:assembleDebug
> Task :app:preDebugAndroidTestBuild SKIPPED
> Task :app:generateDebugAndroidTestLintModel
> Task :app:extractProguardFiles
> Task :app:generateDebugLintReportModel
> Task :app:generateDebugUnitTestLintModel
> Task :app:lintAnalyzeDebug
> Task :app:lintAnalyzeDebugAndroidTest
> Task :app:lintAnalyzeDebugUnitTest

> Task :app:lintReportDebug
Wrote HTML report to file:///home/ddobagi/Code/hanium-dreamup-walksafe-rc2-20260715/apps/android/app/build/reports/lint-results-debug.html

> Task :app:lintDebug

BUILD SUCCESSFUL in 1m 16s
53 actionable tasks: 53 executed
Consider enabling configuration cache to speed up this build: https://docs.gradle.org/9.3.1/userguide/configuration_cache_enabling.html
WALKSAFE_COMMAND_ENDED_AT=2026-07-25T16:35:33+09:00
WALKSAFE_COMMAND_EXIT_CODE=0
