WALKSAFE_NPC_VERIFICATION_LOG_BEGIN
WALKSAFE_NPC_VERIFICATION_SCHEMA walksafe.npc-single-admin-recovery-verification-lane.v2
WALKSAFE_NPC_VERIFICATION_RUN_ID NPC-RECOVERY-90c3addd9209478e2f6b48dbcdc643ae
WALKSAFE_NPC_VERIFICATION_SOURCE_CONTENT_SET_SHA256 c3560526a30b6f7b0f3e8442bbe972bc5bc20064b6bda8488ad76aff45449145
WALKSAFE_NPC_VERIFICATION_LANE_ID ADMIN_ANDROID_UNIT
WALKSAFE_NPC_VERIFICATION_CWD apps/android
WALKSAFE_NPC_VERIFICATION_STARTED_AT 2026-08-13T12:44:52.402728+09:00
WALKSAFE_NPC_VERIFICATION_COMMAND_COUNT 1
WALKSAFE_NPC_VERIFICATION_COMMAND_BEGIN 1
WALKSAFE_NPC_VERIFICATION_LOGICAL_COMMAND "./gradlew --offline --no-daemon --max-workers=1 --no-build-cache --no-configuration-cache --no-watch-fs '-Dorg.gradle.java.home=${JAVA_HOME}' :adminapp:testDebugUnitTest --rerun-tasks"
WALKSAFE_NPC_VERIFICATION_STDOUT_BEGIN 1
| To honour the JVM settings for this build a single-use Daemon process will be forked. For more on this, please refer to https://docs.gradle.org/9.3.1/userguide/gradle_daemon.html#sec:disabling_the_daemon in the Gradle documentation.
| Daemon will be stopped at the end of the build 
| > Task :adminapp:preBuild UP-TO-DATE
| > Task :adminapp:preDebugBuild UP-TO-DATE
| > Task :adminapp:generateDebugBuildConfig
| > Task :adminapp:generateDebugResources
| > Task :adminapp:packageDebugResources
| > Task :adminapp:processDebugNavigationResources
| > Task :adminapp:parseDebugLocalResources
| > Task :adminapp:generateDebugRFile
| > Task :adminapp:compileDebugKotlin NO-SOURCE
| > Task :adminapp:javaPreCompileDebug
| > Task :adminapp:compileDebugJavaWithJavac
| > Task :adminapp:checkDebugAarMetadata
| > Task :adminapp:mapDebugSourceSetPaths
| > Task :adminapp:compileDebugNavigationResources
| > Task :adminapp:mergeDebugResources
| > Task :adminapp:createDebugCompatibleScreenManifests
| > Task :adminapp:extractDeepLinksDebug
| > Task :adminapp:processDebugMainManifest
| > Task :adminapp:processDebugManifest
| > Task :adminapp:processDebugManifestForPackage
| > Task :adminapp:processDebugResources
| > Task :adminapp:bundleDebugClassesToRuntimeJar
| > Task :adminapp:bundleDebugClassesToCompileJar
| > Task :adminapp:preDebugUnitTestBuild UP-TO-DATE
| > Task :adminapp:compileDebugUnitTestKotlin NO-SOURCE
| > Task :adminapp:javaPreCompileDebugUnitTest
| > Task :adminapp:compileDebugUnitTestJavaWithJavac
| > Task :adminapp:processDebugJavaRes NO-SOURCE
| > Task :adminapp:processDebugUnitTestJavaRes NO-SOURCE
| > Task :adminapp:testDebugUnitTest
| 
| BUILD SUCCESSFUL in 6s
| 23 actionable tasks: 23 executed
WALKSAFE_NPC_VERIFICATION_STDOUT_END 1
WALKSAFE_NPC_VERIFICATION_STDERR_BEGIN 1
| <empty>
WALKSAFE_NPC_VERIFICATION_STDERR_END 1
WALKSAFE_NPC_VERIFICATION_COMMAND_EXIT_CODE 1 0
WALKSAFE_NPC_VERIFICATION_COMMAND_END 1
WALKSAFE_NPC_VERIFICATION_ENDED_AT 2026-08-13T12:44:59.247726+09:00
WALKSAFE_NPC_VERIFICATION_EXIT_CODE 0
WALKSAFE_NPC_VERIFICATION_STATUS PASS
WALKSAFE_NPC_VERIFICATION_LOG_END
